
R1>
R1>en
R1#conf t
Enter configuration commands, one per line.  End with CNTL/Z.
R1(config)#do sh ip int br
Interface              IP-Address      OK? Method Status                Protocol 
GigabitEthernet0/0     unassigned      YES NVRAM  up                    up 
GigabitEthernet0/1     unassigned      YES NVRAM  administratively down down 
GigabitEthernet0/2     unassigned      YES NVRAM  administratively down down 
GigabitEthernet0/0/0   1.1.1.2         YES manual up                    up 
Vlan1                  unassigned      YES unset  administratively down down
R1(config)#int g0/
                  ^
% Invalid input detected at '^' marker.
	
R1(config)#int g0/0
R1(config-if)#ip add 10.0.0.194 255.255.255.252
R1(config-if)#no shutdown
R1(config-if)#do sh ip int br
Interface              IP-Address      OK? Method Status                Protocol 
GigabitEthernet0/0     10.0.0.194      YES manual up                    up 
GigabitEthernet0/1     unassigned      YES NVRAM  administratively down down 
GigabitEthernet0/2     unassigned      YES NVRAM  administratively down down 
GigabitEthernet0/0/0   1.1.1.2         YES manual up                    up 
Vlan1                  unassigned      YES unset  administratively down down
R1(config-if)#



SW 2:

SW2(config)#default int g1/0/2
Building configuration...



Interface GigabitEthernet1/0/2 set to default configuration
SW2(config)#default int g1/0/2
Building configuration...



Interface GigabitEthernet1/0/2 set to default configuration
SW2(config)#do sh ip int br
Interface              IP-Address      OK? Method Status                Protocol 
GigabitEthernet1/0/1   unassigned      YES unset  up                    up 
GigabitEthernet1/0/2   unassigned      YES unset  up                    up 
GigabitEthernet1/0/3   unassigned      YES unset  up                    up 
GigabitEthernet1/0/4   unassigned      YES unset  up                    up 
GigabitEthernet1/0/5   unassigned      YES unset  up                    up 
GigabitEthernet1/0/6   unassigned      YES unset  down                  down 
GigabitEthernet1/0/7   unassigned      YES unset  down                  down 
GigabitEthernet1/0/8   unassigned      YES unset  down                  down 
GigabitEthernet1/0/9   unassigned      YES unset  down                  down 
GigabitEthernet1/0/10  unassigned      YES unset  down                  down 
GigabitEthernet1/0/11  unassigned      YES unset  down                  down 
GigabitEthernet1/0/12  unassigned      YES unset  down                  down 
GigabitEthernet1/0/13  unassigned      YES unset  down                  down 
GigabitEthernet1/0/14  unassigned      YES unset  down                  down 
GigabitEthernet1/0/15  unassigned      YES unset  down                  down 
GigabitEthernet1/0/16  unassigned      YES unset  down                  down 
GigabitEthernet1/0/17  unassigned      YES unset  down                  down 
GigabitEthernet1/0/18  unassigned      YES unset  down                  down 
GigabitEthernet1/0/19  unassigned      YES unset  down                  down 
GigabitEthernet1/0/20  unassigned      YES unset  down                  down 
GigabitEthernet1/0/21  unassigned      YES unset  down                  down 

SW2(config)#int g1/0/2
SW2(config-if)#ip ?
  access-group  Specify access control for packets
  arp           Configure ARP features
  dhcp          Configure DHCP parameters for this interface
SW2(config-if)#ip no sw
SW2(config-if)#ip no switch
SW2(config-if)#ip no switchport
                  ^
% Invalid input detected at '^' marker.
	
SW2(config-if)#no switchport
SW2(config-if)#
%LINEPROTO-5-UPDOWN: Line protocol on Interface GigabitEthernet1/0/2, changed state to down

%LINEPROTO-5-UPDOWN: Line protocol on Interface GigabitEthernet1/0/2, changed state to up

SW2(config-if)#ip ?
  access-group     Specify access control for packets
  address          Set the IP address of an interface
  authentication   authentication subcommands
  flow             NetFlow Related commands
  hello-interval   Configures IP-EIGRP hello interval
  helper-address   Specify a destination address for UDP broadcasts
  inspect          Apply inspect name
  ips              Create IPS rule
  mtu              Set IP Maximum Transmission Unit
  ospf             OSPF interface commands
  proxy-arp        Enable proxy ARP
  route-cache      Enable fast-switching cache for outgoing packets
  split-horizon    Perform split horizon
  summary-address  Perform address summarization
SW2(config-if)#ip add 10.0.0.193 255.255.255.252
SW2(config-if)#no shutdown
SW2(config-if)#exit
SW2(config)#do sh ipro
SW2(config)#do sh ip route
Default gateway is not set

Host               Gateway           Last Use    Total Uses  Interface
ICMP redirect cache is empty

SW2(config)#ip routing
SW2(config)#do sh ip route
Codes: C - connected, S - static, I - IGRP, R - RIP, M - mobile, B - BGP
       D - EIGRP, EX - EIGRP external, O - OSPF, IA - OSPF inter area
       N1 - OSPF NSSA external type 1, N2 - OSPF NSSA external type 2
       E1 - OSPF external type 1, E2 - OSPF external type 2, E - EGP
       i - IS-IS, L1 - IS-IS level-1, L2 - IS-IS level-2, ia - IS-IS inter area
       * - candidate default, U - per-user static route, o - ODR
       P - periodic downloaded static route

Gateway of last resort is not set

     10.0.0.0/30 is subnetted, 1 subnets
C       10.0.0.192 is directly connected, GigabitEthernet1/0/2

SW2(config)#ip route 0.0.0.0 0.0.0.0 10.0.0.194
SW2(config)#do sh ip route
Codes: C - connected, S - static, I - IGRP, R - RIP, M - mobile, B - BGP
       D - EIGRP, EX - EIGRP external, O - OSPF, IA - OSPF inter area
       N1 - OSPF NSSA external type 1, N2 - OSPF NSSA external type 2
       E1 - OSPF external type 1, E2 - OSPF external type 2, E - EGP
       i - IS-IS, L1 - IS-IS level-1, L2 - IS-IS level-2, ia - IS-IS inter area
       * - candidate default, U - per-user static route, o - ODR
       P - periodic downloaded static route

Gateway of last resort is 10.0.0.194 to network 0.0.0.0

     10.0.0.0/30 is subnetted, 1 subnets
C       10.0.0.192 is directly connected, GigabitEthernet1/0/2
S*   0.0.0.0/0 [1/0] via 10.0.0.194

SW2(config)#do sh v
SW2(config)#do sh vl
SW2(config)#do sh vla
SW2(config)#do sh vlan br

VLAN Name                             Status    Ports
---- -------------------------------- --------- -------------------------------
1    default                          active    Gig1/0/6, Gig1/0/7, Gig1/0/8, Gig1/0/9
                                                Gig1/0/10, Gig1/0/11, Gig1/0/12, Gig1/0/13
                                                Gig1/0/14, Gig1/0/15, Gig1/0/16, Gig1/0/17
                                                Gig1/0/18, Gig1/0/19, Gig1/0/20, Gig1/0/21
                                                Gig1/0/22, Gig1/0/23, Gig1/0/24, Gig1/1/1
                                                Gig1/1/2, Gig1/1/3, Gig1/1/4
10   VLAN0010                         active    Gig1/0/4, Gig1/0/5
20   VLAN0020                         active    Gig1/0/3
30   VLAN0030                         active    
1002 fddi-default                     active    
1003 token-ring-default               active    
1004 fddinet-default                  active    
1005 trnet-default                    active    
SW2(config)#int vlan 10
SW2(config-if)#
%LINK-5-CHANGED: Interface Vlan10, changed state to up

%LINEPROTO-5-UPDOWN: Line protocol on Interface Vlan10, changed state to up

SW2(config-if)#ip add 10.0.0.62 255.255.255.192
SW2(config-if)#int vlan 20
SW2(config-if)#
%LINK-5-CHANGED: Interface Vlan20, changed state to up

%LINEPROTO-5-UPDOWN: Line protocol on Interface Vlan20, changed state to up

SW2(config-if)#ip add 10.0.0.126 255.255.255.192
SW2(config-if)#int vlan 30
SW2(config-if)#
%LINK-5-CHANGED: Interface Vlan30, changed state to up

%LINEPROTO-5-UPDOWN: Line protocol on Interface Vlan30, changed state to up

SW2(config-if)#ip add 10.0.0.190 255.255.255.192
SW2(config-if)#
SW2(config-if)#
SW2(config-if)#do sh ip int br
Interface              IP-Address      OK? Method Status                Protocol 
GigabitEthernet1/0/1   unassigned      YES unset  up                    up 
GigabitEthernet1/0/2   10.0.0.193      YES manual up                    up 
GigabitEthernet1/0/3   unassigned      YES unset  up                    up 
GigabitEthernet1/0/4   unassigned      YES unset  up                    up 
GigabitEthernet1/0/5   unassigned      YES unset  up                    up 
GigabitEthernet1/0/6   unassigned      YES unset  down                  down 
GigabitEthernet1/0/7   unassigned      YES unset  down                  down 
GigabitEthernet1/0/8   unassigned      YES unset  down                  down 
GigabitEthernet1/0/9   unassigned      YES unset  down                  down 
GigabitEthernet1/0/10  unassigned      YES unset  down                  down 
GigabitEthernet1/0/11  unassigned      YES unset  down                  down 
GigabitEthernet1/0/12  unassigned      YES unset  down                  down 
GigabitEthernet1/0/13  unassigned      YES unset  down                  down 
GigabitEthernet1/0/14  unassigned      YES unset  down                  down 
GigabitEthernet1/0/15  unassigned      YES unset  down                  down 
GigabitEthernet1/0/16  unassigned      YES unset  down                  down 
GigabitEthernet1/0/17  unassigned      YES unset  down                  down 
GigabitEthernet1/0/18  unassigned      YES unset  down                  down 
GigabitEthernet1/0/19  unassigned      YES unset  down                  down 
GigabitEthernet1/0/20  unassigned      YES unset  down                  down 
GigabitEthernet1/0/21  unassigned      YES unset  down                  down 
GigabitEthernet1/0/22  unassigned      YES unset  down                  down 
GigabitEthernet1/0/23  unassigned      YES unset  down                  down 
GigabitEthernet1/0/24  unassigned      YES unset  down                  down 
GigabitEthernet1/1/1   unassigned      YES unset  down                  down 
GigabitEthernet1/1/2   unassigned      YES unset  down                  down 
GigabitEthernet1/1/3   unassigned      YES unset  down                  down 
GigabitEthernet1/1/4   unassigned      YES unset  down                  down 
Vlan1                  unassigned      YES unset  administratively down down 
Vlan10                 10.0.0.62       YES manual up                    up 
Vlan20                 10.0.0.126      YES manual up                    up 
Vlan30                 10.0.0.190      YES manual up                    up