Lab 9: Basic Router and Switch Interface Configuration

Objective:
To perform initial configuration of router and switches, assign IP addresses, configure interfaces, and manage unused ports for basic network connectivity.

Tasks Performed:

On Router R1:

Entered privileged EXEC and global configuration mode.

Configured hostname as R1.

Enabled interface GigabitEthernet0/0 and assigned IP: 172.16.255.254/16.

Set speed to 1000 Mbps and full duplex on G0/0.

Added description "## to SW1 ##" to the G0/0 interface.

Marked G0/1 and G0/2 as unused with descriptions and kept them shut.

Verified configuration with "do show ip int br" and "show run".

Saved configuration using the "write" command.

On Switch SW1:

Hostname configured as SW1.

Ports Fa0/3 to Fa0/24 marked as "## not in use ##" and administratively shut down.

Gig0/1 (to SW2) enabled with 1000 Mbps full duplex.

Verified configuration using "show run".

Saved configuration.

On Switch SW2:

Hostname set as SW2.

FastEthernet ports Fa0/3 to Fa0/24 labeled "## not in use ##" and disabled.

Gig0/1 (connected to SW1) labeled and enabled.

Configuration verified with "show int status" and "show startup-config".

Saved configuration.

Outcome:
Basic interface configuration and administrative shutdown of unused ports were successfully completed for router and switches. Devices are labeled clearly and ready for further connectivity and routing configurations.



WORKSHEET :
-------------------------------------------------------------------------------------------------------------------------

R1:


Press RETURN to get started!



Router>en
Router#hostname R1
                ^
% Invalid input detected at '^' marker.
	
Router#cnf int
           ^
% Invalid input detected at '^' marker.
	
Router#configure termial
                      ^
% Invalid input detected at '^' marker.
	
Router#configure terminal
Enter configuration commands, one per line.  End with CNTL/Z.
Router(config)#hostname R1
R1(config)#sho ip int br
            ^
% Invalid input detected at '^' marker.
	
R1(config)#show ip int br
            ^
% Invalid input detected at '^' marker.
	
R1(config)#do show ip int br
Interface              IP-Address      OK? Method Status                Protocol 
GigabitEthernet0/0     unassigned      YES unset  administratively down down 
GigabitEthernet0/1     unassigned      YES unset  administratively down down 
GigabitEthernet0/2     unassigned      YES unset  administratively down down 
Vlan1                  unassigned      YES unset  administratively down down
R1(config)#int g0/0
R1(config-if)#no shutdown

R1(config-if)#
%LINK-5-CHANGED: Interface GigabitEthernet0/0, changed state to up

%LINEPROTO-5-UPDOWN: Line protocol on Interface GigabitEthernet0/0, changed state to up

R1(config-if)#ip 172.16.255.254 255.255.0.0
                 ^
% Invalid input detected at '^' marker.
	
R1(config-if)#ip address 172.16.255.254 255.255.0.0
R1(config-if)#speed 1000
R1(config-if)#duplex full
R1(config-if)#
%LINEPROTO-5-UPDOWN: Line protocol on Interface GigabitEthernet0/0, changed state to down

R1(config-if)#sh ip int br
                 ^
% Invalid input detected at '^' marker.
	
R1(config-if)#do sh ip int br
Interface              IP-Address      OK? Method Status                Protocol 
GigabitEthernet0/0     172.16.255.254  YES manual up                    down 
GigabitEthernet0/1     unassigned      YES unset  administratively down down 
GigabitEthernet0/2     unassigned      YES unset  administratively down down 
Vlan1                  unassigned      YES unset  administratively down down
R1(config-if)#description ## to SW1 ##
R1(config-if)#int range g0/1-0/2
               ^
% Invalid input detected at '^' marker.
	
R1(config-if)#do int range g0/1-0/2
int range g0/1-0/2
    ^
% Invalid input detected at '^' marker.
	
R1(config-if)#int range g0/1-2
R1(config-if-range)#description ## not in use ##
R1(config-if-range)#do sh ip int br
Interface              IP-Address      OK? Method Status                Protocol 
GigabitEthernet0/0     172.16.255.254  YES manual up                    down 
GigabitEthernet0/1     unassigned      YES unset  administratively down down 
GigabitEthernet0/2     unassigned      YES unset  administratively down down 
Vlan1                  unassigned      YES unset  administratively down down
R1(config-if-range)#do sh ip int 
GigabitEthernet0/0 is up, line protocol is down (disabled)
  Internet address is 172.16.255.254/16
  Broadcast address is 255.255.255.255
  Address determined by setup command
  MTU is 1500 bytes
  Helper address is not set
  Directed broadcast forwarding is disabled
  Outgoing access list is not set
  Inbound  access list is not set
  Proxy ARP is enabled
  Security level is default
  Split horizon is enabled
  ICMP redirects are always sent
  ICMP unreachables are always sent
  ICMP mask replies are never sent
  IP fast switching is disabled
  IP fast switching on the same interface is disabled
  IP Flow switching is disabled
  IP Fast switching turbo vector
  IP multicast fast switching is disabled
  IP multicast distributed fast switching is disabled
  Router Discovery is disabled

R1(config-if-range)#do show run
Building configuration...

Current configuration : 785 bytes
!
version 15.1
no service timestamps log datetime msec
no service timestamps debug datetime msec
no service password-encryption
!
hostname R1
!
!
!
!
!
!
!
!
ip cef
no ipv6 cef
!
!
!
!
license udi pid CISCO2911/K9 sn FTX1524P566-
!
!
!
!
!
!
!
!
!
!
!
spanning-tree mode pvst
!
!
!
!
!
!
interface GigabitEthernet0/0
 description ## to SW1 ##
 ip address 172.16.255.254 255.255.0.0
 duplex full
 speed 1000
!
interface GigabitEthernet0/1
 description ## not in use ##
 no ip address
 duplex auto
 speed auto
 shutdown
!
interface GigabitEthernet0/2
 description ## not in use ##
 no ip address
 duplex auto
 speed auto
 shutdown
!
interface Vlan1
 no ip address
 shutdown
!
ip classless
!
ip flow-export version 9
!
!
!
!
!
!
!
line con 0
!
line aux 0
!
line vty 0 4
 login
!
!
!
end


R1(config-if-range)#end
R1#
%SYS-5-CONFIG_I: Configured from console by console

R1#write
Building configuration...
[OK]
R1#


-------------------------------------------------------------------------------------------------------------------------

SW1:

%LINK-5-CHANGED: Interface FastEthernet0/22, changed state to administratively down

%LINK-5-CHANGED: Interface FastEthernet0/23, changed state to administratively down

%LINK-5-CHANGED: Interface FastEthernet0/24, changed state to administratively down
SW1(config-if-range)#description ## not in use ##
SW1(config-if-range)#do sh ip int br
Interface              IP-Address      OK? Method Status                Protocol 
FastEthernet0/1        unassigned      YES manual up                    up 
FastEthernet0/2        unassigned      YES manual up                    up 
FastEthernet0/3        unassigned      YES manual administratively down down 
FastEthernet0/4        unassigned      YES manual administratively down down 
FastEthernet0/5        unassigned      YES manual administratively down down 
FastEthernet0/6        unassigned      YES manual administratively down down 
FastEthernet0/7        unassigned      YES manual administratively down down 
FastEthernet0/8        unassigned      YES manual administratively down down 
FastEthernet0/9        unassigned      YES manual administratively down down 
FastEthernet0/10       unassigned      YES manual administratively down down 
FastEthernet0/11       unassigned      YES manual administratively down down 
FastEthernet0/12       unassigned      YES manual administratively down down 
FastEthernet0/13       unassigned      YES manual administratively down down 
FastEthernet0/14       unassigned      YES manual administratively down down 
FastEthernet0/15       unassigned      YES manual administratively down down 
FastEthernet0/16       unassigned      YES manual administratively down down 
FastEthernet0/17       unassigned      YES manual administratively down down 
FastEthernet0/18       unassigned      YES manual administratively down down 
FastEthernet0/19       unassigned      YES manual administratively down down 
FastEthernet0/20       unassigned      YES manual administratively down down 
FastEthernet0/21       unassigned      YES manual administratively down down 
FastEthernet0/22       unassigned      YES manual administratively down down 
FastEthernet0/23       unassigned      YES manual administratively down down 
FastEthernet0/24       unassigned      YES manual administratively down down 
GigabitEthernet0/1     unassigned      YES manual up                    up 
GigabitEthernet0/2     unassigned      YES manual up                    up 
Vlan1                  unassigned      YES manual administratively down down
SW1(config-if-range)#
SW1(config-if-range)#
SW1(config-if-range)#
SW1(config-if-range)#end
SW1#
%SYS-5-CONFIG_I: Configured from console by console

SW1#show run
Building configuration...

Current configuration : 2008 bytes
!
version 12.2
no service timestamps log datetime msec
no service timestamps debug datetime msec
no service password-encryption
!
hostname SW1
!
!
!
!
!
!
spanning-tree mode pvst
spanning-tree extend system-id
!
interface FastEthernet0/1
!
interface FastEthernet0/2
!
interface FastEthernet0/3
 description ## not in use ##
 shutdown
!
interface FastEthernet0/4
 description ## not in use ##
 shutdown
!
interface FastEthernet0/5
 description ## not in use ##
 shutdown
!
interface FastEthernet0/6
 description ## not in use ##
 shutdown
!
interface FastEthernet0/7
 description ## not in use ##
 shutdown
!
interface FastEthernet0/8
 description ## not in use ##
 shutdown
!
interface FastEthernet0/9
 description ## not in use ##
 shutdown
!
interface FastEthernet0/10
 description ## not in use ##
 shutdown
!
interface FastEthernet0/11
 description ## not in use ##
 shutdown
!
interface FastEthernet0/12
 description ## not in use ##
 shutdown
!
interface FastEthernet0/13
 description ## not in use ##
 shutdown
!
interface FastEthernet0/14
 description ## not in use ##
 shutdown
!
interface FastEthernet0/15
 description ## not in use ##
 shutdown
!
interface FastEthernet0/16
 description ## not in use ##
 shutdown
!
interface FastEthernet0/17
 description ## not in use ##
 shutdown
!
interface FastEthernet0/18
 description ## not in use ##
 shutdown
!
interface FastEthernet0/19
 description ## not in use ##
 shutdown
!
interface FastEthernet0/20
 description ## not in use ##
 shutdown
!
interface FastEthernet0/21
 description ## not in use ##
 shutdown
!
interface FastEthernet0/22
 description ## not in use ##
 shutdown
!
interface FastEthernet0/23
 description ## not in use ##
 shutdown
!
interface FastEthernet0/24
 description ## not in use ##
 shutdown
!
interface GigabitEthernet0/1
 description ## to SW2 ##
 duplex full
 speed 1000
!
interface GigabitEthernet0/2
!
interface Vlan1
 no ip address
 shutdown
!
!
!
!
line con 0
!
line vty 0 4
 login
line vty 5 15
 login
!
!
!
!
end


SW1#
SW1#
SW1#
SW1#
SW1#
SW1#
SW1#
SW1#
SW1#
SW1#
SW1#
SW1#
SW1#
SW1#
SW1#
SW1#
SW1#
SW1#copy running-config startup-config
Destination filename [startup-config]? 
Building configuration...
[OK]



---------------------------------------------------------------------------------------------------------------------------------
SW2:

SW2(config-if)#do sh int status
Port      Name               Status       Vlan       Duplex  Speed Type
Fa0/1                        connected    1          auto    auto  10/100BaseTX
Fa0/2                        connected    1          auto    auto  10/100BaseTX
Fa0/3     ## not in use ##   disabled 1          auto    auto  10/100BaseTX
Fa0/4     ## not in use ##   disabled 1          auto    auto  10/100BaseTX
Fa0/5     ## not in use ##   disabled 1          auto    auto  10/100BaseTX
Fa0/6     ## not in use ##   disabled 1          auto    auto  10/100BaseTX
Fa0/7     ## not in use ##   disabled 1          auto    auto  10/100BaseTX
Fa0/8     ## not in use ##   disabled 1          auto    auto  10/100BaseTX
Fa0/9     ## not in use ##   disabled 1          auto    auto  10/100BaseTX
Fa0/10    ## not in use ##   disabled 1          auto    auto  10/100BaseTX
Fa0/11    ## not in use ##   disabled 1          auto    auto  10/100BaseTX
Fa0/12    ## not in use ##   disabled 1          auto    auto  10/100BaseTX
Fa0/13    ## not in use ##   disabled 1          auto    auto  10/100BaseTX
Fa0/14    ## not in use ##   disabled 1          auto    auto  10/100BaseTX
Fa0/15    ## not in use ##   disabled 1          auto    auto  10/100BaseTX
Fa0/16    ## not in use ##   disabled 1          auto    auto  10/100BaseTX
Fa0/17    ## not in use ##   disabled 1          auto    auto  10/100BaseTX
Fa0/18    ## not in use ##   disabled 1          auto    auto  10/100BaseTX
Fa0/19    ## not in use ##   disabled 1          auto    auto  10/100BaseTX
Fa0/20    ## not in use ##   disabled 1          auto    auto  10/100BaseTX
Fa0/21    ## not in use ##   disabled 1          auto    auto  10/100BaseTX
Fa0/22    ## not in use ##   disabled 1          auto    auto  10/100BaseTX
Fa0/23    ## not in use ##   disabled 1          auto    auto  10/100BaseTX
Fa0/24    ## not in use ##   disabled 1          auto    auto  10/100BaseTX
Gig0/1    ## to SW1 ##       connected    1          auto    a-100010/100BaseTX
Gig0/2    ## not in use ##   disabled 1          auto    auto  10/100BaseTX

SW2(config-if)#
SW2(config-if)#
SW2(config-if)#
SW2(config-if)#
SW2(config-if)#
SW2(config-if)#
SW2(config-if)#
SW2(config-if)#
SW2(config-if)#
SW2(config-if)#
SW2(config-if)#write
               ^
% Invalid input detected at '^' marker.
	
SW2(config-if)#end
SW2#
%SYS-5-CONFIG_I: Configured from console by console

SW2#write
Building configuration...
[OK]
SW2#show startup-config
Using 2035 bytes
!
version 12.2
no service timestamps log datetime msec
no service timestamps debug datetime msec
no service password-encryption
!
hostname SW2
!
!
!
!
!
!
spanning-tree mode pvst
spanning-tree extend system-id
!
interface FastEthernet0/1
!
interface FastEthernet0/2
!
interface FastEthernet0/3
 description ## not in use ##
 shutdown
!
interface FastEthernet0/4
 description ## not in use ##
 shutdown
!
interface FastEthernet0/5
 description ## not in use ##
 shutdown
!
interface FastEthernet0/6
 description ## not in use ##
 shutdown
!
interface FastEthernet0/7
 description ## not in use ##
 shutdown
!
interface FastEthernet0/8
 description ## not in use ##
 shutdown
!
interface FastEthernet0/9
 description ## not in use ##
 shutdown
!
interface FastEthernet0/10
 description ## not in use ##
 shutdown
!
interface FastEthernet0/11
 description ## not in use ##
 shutdown
!
interface FastEthernet0/12
 description ## not in use ##
 shutdown
!
interface FastEthernet0/13
 description ## not in use ##
 shutdown
!
interface FastEthernet0/14
 description ## not in use ##
 shutdown
!
interface FastEthernet0/15
 description ## not in use ##
 shutdown
!
interface FastEthernet0/16
 description ## not in use ##
 shutdown
!
interface FastEthernet0/17
 description ## not in use ##
 shutdown
!
interface FastEthernet0/18
 description ## not in use ##
 shutdown
!
interface FastEthernet0/19
 description ## not in use ##
 shutdown
!
interface FastEthernet0/20
 description ## not in use ##
 shutdown
!
interface FastEthernet0/21
 description ## not in use ##
 shutdown
!
interface FastEthernet0/22
 description ## not in use ##
 shutdown
!
interface FastEthernet0/23
 description ## not in use ##
 shutdown
!
interface FastEthernet0/24
 description ## not in use ##
 shutdown
!
interface GigabitEthernet0/1
 description ## to SW1 ##
 speed 1000
!
interface GigabitEthernet0/2
 description ## not in use ##
 shutdown
!
interface Vlan1
 no ip address
 shutdown
!
!
!
!
line con 0
!
line vty 0 4
 login
line vty 5 15
 login
!
!
!
!
end


SW2#
SW2#
